/home/bushp/riverguard-map/pipeline/plantation_tracker/03_analysis.py:124: RuntimeWarning: All-NaN slice encountered
  annual[yr] = np.nanmedian(np.stack(arrs), axis=0)
annual dry composites: [2009, 2011, 2012, 2013, 2014, 2015, 2016, 2017, 2018, 2019, 2020, 2021, 2022, 2023, 2024, 2025, 2026]
 year            p  cohens_d  good_med  poor_med
 2009 5.362247e-02  0.278643  0.651317  0.629557
 2011 9.999997e-01 -0.665210  0.614796  0.695743
 2012 2.148502e-06  0.830436  0.712583  0.650479
 2013 4.941862e-06  0.610461  0.673932  0.644667
 2014 7.407804e-19  1.620041  0.713694  0.631399
 2015 9.892846e-01 -0.228837  0.687333  0.711135
 2016 3.476502e-25  1.544530  0.849158  0.803828
 2017 4.838679e-23  1.329143  0.849802  0.774429
 2018 4.793972e-29  1.977879  0.837716  0.743622
 2019 6.320033e-26  1.801949  0.841096  0.781005
 2020 8.127390e-17  1.099827  0.845365  0.809832
 2021 2.024981e-15  1.250977  0.793134  0.750325
 2022 3.024041e-17  1.337286  0.837916  0.785992
 2023 2.907158e-05  0.569648  0.761784  0.735530
 2024 2.951475e-18  1.371835  0.836214  0.793657
 2025 1.659254e-24  1.842619  0.847245  0.777184
 2026 1.000000e+00 -2.271165  0.718466  0.808568
{
 "amplitude_good_recent": 0.043,
 "amplitude_poor_recent": -0.013,
 "s1_vh_gap_recent_db": 0.62,
 "first_separable_year": 2012,
 "separability": [
  {
   "year": 2009,
   "p": 0.053622469781914824,
   "cohens_d": 0.2786432286493744,
   "good_med": 0.6513168960809708,
   "poor_med": 0.629557341337204
  },
  {
   "year": 2011,
   "p": 0.9999996853015592,
   "cohens_d": -0.665210134529635,
   "good_med": 0.6147958338260651,
   "poor_med": 0.6957426071166992
  },
  {
   "year": 2012,
   "p": 2.1485017077650933e-06,
   "cohens_d": 0.8304361943588199,
   "good_med": 0.7125832438468933,
   "poor_med": 0.6504788100719452
  },
  {
   "year": 2013,
   "p": 4.941861501578418e-06,
   "cohens_d": 0.6104608790504337,
   "good_med": 0.6739316582679749,
   "poor_med": 0.6446665525436401
  },
  {
   "year": 2014,
   "p": 7.407804459434801e-19,
   "cohens_d": 1.6200408484233095,
   "good_med": 0.7136942148208618,
   "poor_med": 0.6313987374305725
  },
  {
   "year": 2015,
   "p": 0.9892846306902947,
   "cohens_d": -0.22883720393715767,
   "good_med": 0.6873331069946289,
   "poor_med": 0.7111346423625946
  },
  {
   "year": 2016,
   "p": 3.4765020899429796e-25,
   "cohens_d": 1.5445297299350567,
   "good_med": 0.8491581678390503,
   "poor_med": 0.8038279414176941
  },
  {
   "year": 2017,
   "p": 4.838679048387364e-23,
   "cohens_d": 1.329142689704895,
   "good_med": 0.8498023748397827,
   "poor_med": 0.774429202079773
  },
  {
   "year": 2018,
   "p": 4.7939724563483445e-29,
   "cohens_d": 1
figures written to /home/bushp/riverguard-map/pipeline/plantation_tracker/output/figs
