boundary check: 84.6 ha of candidate blocks outside boundary; 12 blocks
{
 "areas_ha": {
  "good": 0.56,
  "poor": 17.57,
  "whole": 18.13
 },
 "missed_block_candidates": {
  "total_ha": 84.6,
  "blocks": [
   {
    "ha": 18.2,
    "min_dist_m": 10
   },
   {
    "ha": 1.0,
    "min_dist_m": 290
   },
   {
    "ha": 5.8,
    "min_dist_m": 156
   },
   {
    "ha": 0.5,
    "min_dist_m": 322
   },
   {
    "ha": 1.5,
    "min_dist_m": 10
   },
   {
    "ha": 38.8,
    "min_dist_m": 10
   },
   {
    "ha": 0.7,
    "min_dist_m": 158
   },
   {
    "ha": 2.4,
    "min_dist_m": 10
   },
   {
    "ha": 12.6,
    "min_dist_m": 156
   },
   {
    "ha": 0.6,
    "min_dist_m": 311
   },
   {
    "ha": 0.6,
    "min_dist_m": 398
   },
   {
    "ha": 2.0,
    "min_dist_m": 234
   }
  ],
  "criteria": "NDVI within plantation's spectral envelope, >=0.5 ha, within 400 m of the boundary"
 },
 "biomass": {
  "good": {
   "t_dry_per_ha": [
    70.0,
    360.5
   ],
   "t_dry_total": [
    39.3,
    202.5
   ],
   "t_wet_total": [
    72.8,
    375.0
   ],
   "pct_of_model_yr15": [
    33,
    119
   ]
  },
  "poor": {
   "t_dry_per_ha": [
    1.6,
    33.8
   ],
   "t_dry_total": [
    27.7,
    592.9
   ],
   "t_wet_total": [
    51.2,
    1098.0
   ],
   "pct_of_model_yr15": [
    1,
    11
   ]
  },
  "whole": {
   "t_dry_total": [
    67.0,
    795.4
   ],
   "t_wet_total": [
    124.1,
    1473.0
   ]
  }
 },
 "model_reference": {
  "clump_kg_yr15": 607.6,
  "modelled_t_dry_per_ha_yr15_at_400_500": [
   243.0,
   303.8
  ],
  "note": "xlsx Biomass sheet, 'performing as modelled' upper reference"
 },
 "assumption_ranges": {
  "clumps_per_ha": [
   350,
   500
  ],
  "good_culms_per_clump": [
   40,
   70
  ],
  "good_culm_kg_dry": [
   5,
   10.3
  ],
  "poor_culms_per_clump": [
   15,
   45
  ],
  "poor_culm_kg_dry": [
   0.3,
   1.5
  ],
  "moisture_fresh": 0.46
 },
 "evolution": {
  "good": {
   "years": [
    2009,
    2010,
    2011,
    2012,
    2013,
    2014,
    2015,
    2016,
    2017,
    2018,
    2019,
    2020,
    2021,
    2022,
   
